RAJAT@RAJAT-PC ~
$ pwd
/home/RAJAT

RAJAT@RAJAT-PC ~
$ date
Tue, Sep  8, 2020  8:06:36 AM

RAJAT@RAJAT-PC ~
$ whoami
RAJAT

RAJAT@RAJAT-PC ~
$ logname
RAJAT

RAJAT@RAJAT-PC ~
$ uname
CYGWIN_NT-6.3

RAJAT@RAJAT-PC ~
$ ^C

RAJAT@RAJAT-PC ~
$
 
Q2.	A) Create three directory a b and c and create a.txt,b.txt and c.txt
		in each directory respectively and then copy c directory into the a.
	B)Move Directory b to c.
	C)Create alias of ls -lh command to your name.
	D)Change Directory name a to cdac.
a)

RAJAT@RAJAT-PC ~
$ cd "F:\CDAC\CDAC kharghar\DAC\OS module\assignpractice"

RAJAT@RAJAT-PC /cygdrive/f/CDAC/CDAC kharghar/DAC/OS module/assignpractice
$ mkdir a

RAJAT@RAJAT-PC /cygdrive/f/CDAC/CDAC kharghar/DAC/OS module/assignpractice
$ mkdir b

RAJAT@RAJAT-PC /cygdrive/f/CDAC/CDAC kharghar/DAC/OS module/assignpractice
$ mkdir c

RAJAT@RAJAT-PC /cygdrive/f/CDAC/CDAC kharghar/DAC/OS module/assignpractice
$ cd a

RAJAT@RAJAT-PC /cygdrive/f/CDAC/CDAC kharghar/DAC/OS module/assignpractice/a
$ touch a

RAJAT@RAJAT-PC /cygdrive/f/CDAC/CDAC kharghar/DAC/OS module/assignpractice/a
$ cd ..

RAJAT@RAJAT-PC /cygdrive/f/CDAC/CDAC kharghar/DAC/OS module/assignpractice
$ cd b

RAJAT@RAJAT-PC /cygdrive/f/CDAC/CDAC kharghar/DAC/OS module/assignpractice/b
$ touch b.txt

RAJAT@RAJAT-PC /cygdrive/f/CDAC/CDAC kharghar/DAC/OS module/assignpractice/b
$ cd ..

RAJAT@RAJAT-PC /cygdrive/f/CDAC/CDAC kharghar/DAC/OS module/assignpractice
$ cd c

RAJAT@RAJAT-PC /cygdrive/f/CDAC/CDAC kharghar/DAC/OS module/assignpractice/c
$ touch c.txt

RAJAT@RAJAT-PC /cygdrive/f/CDAC/CDAC kharghar/DAC/OS module/assignpractice/c
$ cd ..

RAJAT@RAJAT-PC /cygdrive/f/CDAC/CDAC kharghar/DAC/OS module/assignpractice
$ cd a

RAJAT@RAJAT-PC /cygdrive/f/CDAC/CDAC kharghar/DAC/OS module/assignpractice/a
$ touch a.txt

b)

RAJAT@RAJAT-PC /cygdrive/f/CDAC/CDAC kharghar/DAC/OS module/assignpractice
$ mv b c

c)

d)
RAJAT@RAJAT-PC /cygdrive/f/CDAC/CDAC kharghar/DAC/OS module/assignpractice
$ mv a cdac




Q3. A) Create five files file1.txt , file2.txt ,file3.txt file4.txt and
    file5.txt with some text inside it. Search for 's' character
    inside all the files using grep command.
    Also Use cat to view all file content together.
	B)Create file.txt using cat and edit that using nano editor.
	c)Create 5 empty files using touch command
	D)Remove previously created directory a , b and c.


a)
RAJAT@RAJAT-PC /cygdrive/f/CDAC/CDAC kharghar/DAC/OS module/assignpractice
$ touch 1.txt

RAJAT@RAJAT-PC /cygdrive/f/CDAC/CDAC kharghar/DAC/OS module/assignpractice
$ touch 2.txt

RAJAT@RAJAT-PC /cygdrive/f/CDAC/CDAC kharghar/DAC/OS module/assignpractice
$ touch 3.txt

RAJAT@RAJAT-PC /cygdrive/f/CDAC/CDAC kharghar/DAC/OS module/assignpractice
$ touch 4.txt

RAJAT@RAJAT-PC /cygdrive/f/CDAC/CDAC kharghar/DAC/OS module/assignpractice
$ touch 5.txt

RAJAT@RAJAT-PC /cygdrive/f/CDAC/CDAC kharghar/DAC/OS module/assignpractice
$ grep s 1.txt
this is first file



RAJAT@RAJAT-PC /cygdrive/f/CDAC/CDAC kharghar/DAC/OS module/assignpractice
$ rm -r c cdac


RAJAT@RAJAT-PC /cygdrive/f/CDAC/CDAC kharghar/DAC/OS module/assignpractice
$ cat >file.txt


Q4. Create a file with some content using vi editor
	a) Display the file using cat command
	b) Display line numbers along with content
	c) Display the file in reverse order using tac
	d) Combine multiple files using cat command


RAJAT@RAJAT-PC /cygdrive/f/CDAC/CDAC kharghar/DAC/OS module/assignpractice
$ cat -n file.txt
     1  thi9s is new file

RAJAT@RAJAT-PC /cygdrive/f/CDAC/CDAC kharghar/DAC/OS module/assignpractice
$ tac file.txt

thi9s is new file


RAJAT@RAJAT-PC /cygdrive/f/CDAC/CDAC kharghar/DAC/OS module/assignpractice
$ $cat "1.txt" "2.txt" "3.txt" > "file.txt"

Q5. Create Random some files and sub directories.
	a) display files row wise, column wise, 1 per row
	b) sort the files in ascending, descending order
	c) Create some hidden files and sub directories and display them using “ls -a”
	d) Change time stamp of some files and directories using touch command and display the files using ls -t ls -rt
	e) Recursive display contents of your home directory.
	f) display all attributes of files and directories using ls -l
	g) display attributes of a directory using ls -ld


ans--



RAJAT@RAJAT-PC ~$ mkdir random

RAJAT@RAJAT-PC ~$ cd

RAJAT@RAJAT-PC ~$ cd random

RAJAT@RAJAT-PC ~/random$ mkdir first

RAJAT@RAJAT-PC ~/random$ cd first

RAJAT@RAJAT-PC ~/random/first$ mkdir first11

RAJAT@RAJAT-PC ~/random/first$ cd

RAJAT@RAJAT-PC ~$ cd random

RAJAT@RAJAT-PC ~/random$ mkdir second

RAJAT@RAJAT-PC ~/random$ mardir 3rd
mardir: command not found

RAJAT@RAJAT-PC ~/random$ mkdir 3rd

RAJAT@RAJAT-PC ~/random$ ls
3rd  first  second

RAJAT@RAJAT-PC ~/random$ cat > file.txt
hello i am Rajat

RAJAT@RAJAT-PC ~/random$ column -t file.txt
hello  i  am  Rajat

RAJAT@RAJAT-PC ~/random$ row file.txt

Command 'row' not found, did you mean:

  command 'cow' from deb fl-cow (0.6-4.2)
  command 'ro' from deb golang-redoctober (0.0~git20161017.0.78e9720-4)
  command 'raw' from deb util-linux (2.34-0.1ubuntu9)
  command 'rox' from deb rox-filer (1:2.11-1)
  command 'sow' from deb ruby-hoe (3.21.0+dfsg1-1)

Try: sudo apt install <deb name>


RAJAT@RAJAT-PC ~/random$ sort



RAJAT@RAJAT-PC ~/random$ cd

RAJAT@RAJAT-PC ~$ sort random
sort: read failed: random: Is a directory

RAJAT@RAJAT-PC ~$ cd random

RAJAT@RAJAT-PC ~/random$ sort file.txt
hello i am Rajat

RAJAT@RAJAT-PC ~/random$ cat > fruits
apple
banana
pineapple
grapes
priyankasoni@LAPTOP-FNMGSS07:~/random$ sort fruits
apple
banana
grapes
pineapple
priyankasoni@LAPTOP-FNMGSS07:~/random$ sort -r fruits
pineapple
grapes
banana
apple

RAJAT@RAJAT-PC ~/random$ mkdir .hidden

RAJAT@RAJAT-PC ~/random$ ls
3rd  file.txt  first  fruits  second

RAJAT@RAJAT-PC ~/random$ ls -a
.  ..  .hidden  3rd  file.txt  first  fruits  second

RAJAT@RAJAT-PC ~/random$ touch .hide.txt

RAJAT@RAJAT-PC ~/random$ ls
3rd  file.txt  first  fruits  second

RAJAT@RAJAT-PC ~/random$ ls -a
.  ..  .hidden  .hide.txt  3rd  file.txt  first  fruits  second

RAJAT@RAJAT-PC ~/random$ stat file.txt
  File: file.txt
  Size: 21              Blocks: 0          IO Block: 4096   regular file
Device: 2h/2d   Inode: 16888498602704705  Links: 1
Access: (0644/-rw-r--r--)  Uid: ( 1000/rajat)   Gid: ( 1000/rajat)
Access: 2020-09-08 18:29:28.603221800 +0530
Modify: 2020-09-08 18:22:11.871545700 +0530
Change: 2020-09-08 18:22:11.871545700 +0530
 Birth: -

RAJAT@RAJAT-PC ~/random$ touch -a file.txt

RAJAT@RAJAT-PC ~/random$ stat file.txt
  File: file.txt
  Size: 21              Blocks: 0          IO Block: 4096   regular file
Device: 2h/2d   Inode: 16888498602704705  Links: 1
Access: (0644/-rw-r--r--)  Uid: ( 1000/rajat)   Gid: ( 1000/rajat)
Access: 2020-09-08 18:37:50.362832000 +0530
Modify: 2020-09-08 18:22:11.871545700 +0530
Change: 2020-09-08 18:37:50.362832000 +0530
 Birth: -

RAJAT@RAJAT-PC ~/random$ touch -m file.txt

RAJAT@RAJAT-PC ~/random$ stat file.txt
  File: file.txt
  Size: 21              Blocks: 0          IO Block: 4096   regular file
Device: 2h/2d   Inode: 16888498602704705  Links: 1
Access: (0644/-rw-r--r--)  Uid: ( 1000/rajat)   Gid: ( 1000/rajat)
Access: 2020-09-08 18:37:50.362832000 +0530
Modify: 2020-09-08 18:39:23.141406100 +0530
Change: 2020-09-08 18:39:23.141406100 +0530
 Birth: -

RAJAT@RAJAT-PC ~/random$ ls -t
file.txt  fruits  3rd  second  first

RAJAT@RAJAT-PC ~/random$ ls -rt
first  second  3rd  fruits  file.txt

RAJAT@RAJAT-PC ~/random$ cd

RAJAT@RAJAT-PC ~$ ls
cdac  ossep  random

RAJAT@RAJAT-PC ~$ ls -r
random  ossep  cdac


Q1. Create directory of your name and then create 4 files inside it named
	a.txt, b.txt, c.txt and d.sh. And change the directory permission to
	only user and also files permission to only user such that
		a)user can read and write the file a.txt and b.txt
		b)user can write the file c.txt
		c)user can exectuable the file d.sh. Make
			Contents of file d.sh:
			#/bin/sh
			ls -lh

ans--

RAJAT@RAJAT-PC ~/random$ cd priyanka
RAJAT@RAJAT-PC ~/random/rajat$ cat > a.txt
hello
RAJAT@RAJAT-PC ~/random/rajat$ cat > b.txt
i am
RAJAT@RAJAT-PC ~/random/rajat$ cat >c.txt
inside
RAJAT@RAJAT-PC ~/random/rajat$ cat > d.sh
d file
RAJAT@RAJAT-PC ~/random/rajat$ chmod go=r
chmod: missing operand after ‘go=r’
Try 'chmod --help' for more information.
RAJAT@RAJAT-PC ~/random/rajat$ chmod go=r
chmod: missing operand after ‘go=r’
Try 'chmod --help' for more information.
RAJAT@RAJAT-PC ~/random/rajat$ cd
RAJAT@RAJAT-PC ~$ cd random
RAJAT@RAJAT-PC ~/random:$ chmod go=r rajat
RAJAT@RAJAT-PC ~/random/rajat$ cd rajat
priyankasoni@LAPTOP-FNMGSS07:~/random/rajat$ chmod a+w+r a.txt b.txt
priyankasoni@LAPTOP-FNMGSS07:~/random/rajat$ chmod a+w c.txt
RAJAT@RAJAT-PC ~/random/rajat$ chmod a+x d.sh

RAJAT@RAJAT-PC ~/random/rajat$ cat d.sh
d file

RAJAT@RAJAT-PC ~/random/rajat$ cat c.txt
inside


Q2. Change the permission of the previous directory to executable only.
	Analyze the output.


ans--

RAJAT@RAJAT-PC ~/random$ chmod go=x rajat


Q3. Change the permission of the previous directory to read only.
	Analyze the output.

ans--

RAJAT@RAJAT-PC ~/random/rajat$ chmod go-wx a.txt

Q4. Use echo to list the all files of your home directory.

ans--


RAJAT@RAJAT-PC ~$ echo *
cdac ossep random


Q5. Use echo to list the all files of /etc/ directory
ans--

ls /etc

Q6. Use echo to append your name to a.txt

ans-


RAJAT@RAJAT-PC ~/random/rajat$ echo "rajat" >a.txt

RAJAT@RAJAT-PC ~/random/rajat$ cat a.txt
Rajat








